Microchip MPLAB XC8 Compiler V1.38 ()

Linker command line:

-W-3 --edf=/Applications/microchip/xc8/v1.38/dat/en_msgs.txt -cs \
  -h+dist/default/production/EmbeddedFinalProject.X.production.sym \
  --cmf=dist/default/production/EmbeddedFinalProject.X.production.cmf -z \
  -Q18F4520 -o/tmp/xcN1jxQJP \
  -Mdist/default/production/EmbeddedFinalProject.X.production.map -E1 \
  -ver=XC8 -ASTACK=0F6h-05ffh -pstack=STACK -ACODE=00h-07FFFh \
  -ACONST=00h-07FFFh -ASMALLCONST=0600h-06FFhx122 \
  -AMEDIUMCONST=0600h-07FFFh -ACOMRAM=01h-07Fh -AABS1=00h-05FFh \
  -ABIGRAM=01h-05FFh -ARAM=080h-0FFh,0100h-01FFhx5 -ABANK0=080h-0FFh \
  -ABANK1=0100h-01FFh -ABANK2=0200h-02FFh -ABANK3=0300h-03FFh \
  -ABANK4=0400h-04FFh -ABANK5=0500h-05FFh -ASFR=0F80h-0FFFh \
  -preset_vec=00h,intcode=08h,intcodelo=018h,powerup,init,end_init \
  -pramtop=0600h -psmallconst=SMALLCONST -pmediumconst=MEDIUMCONST \
  -pconst=CONST -AFARRAM=00h-00h -ACONFIG=0300000h-030000Dh -pconfig=CONFIG \
  -AIDLOC=0200000h-0200007h -pidloc=IDLOC -AEEDATA=0F00000h-0F000FFh \
  -peeprom_data=EEDATA \
  -prdata=COMRAM,nvrram=COMRAM,nvbit=COMRAM,rbss=COMRAM,rbit=COMRAM \
  -pfarbss=FARRAM,fardata=FARRAM,nvFARRAM=FARRAM \
  -pintsave_regs=BIGRAM,bigbss=BIGRAM,bigdata=BIGRAM -pbss=RAM \
  -pidata=CODE,irdata=CODE,ibigdata=CODE,ifardata=CODE -prparam=COMRAM \
  /tmp/xccnETMMr.obj \
  dist/default/production/EmbeddedFinalProject.X.production.obj 

Object code version is 3.11

Machine type is 18F4520

Call graph: (short form)




                Name                               Link     Load   Length Selector   Space Scale
/tmp/xccnETMMr.obj
                stack                                F6       F6      50A       F6       2
                end_init                            3BC      3BC        4        C       0
                init                                3B8      3B8        4        C       0
                reset_vec                             0        0        4        0       0
                idloc                            200000   200000        8   200000       0
                config                           300000   300000        E   300000       0
dist/default/production/EmbeddedFinalProject.X.production.obj
                intcodelo                            18       18      3A0        C       0
                intcode                               8        8       10        4       0
                temp                                 3A       3A        C        1       1
                mediumconst                        7554     7554      AAC     3AAA       0
                text52                             32F8     32F8      12C        C       0
                intcode_body                       1F60     1F60      264        C       0
                text50                             31CC     31CC      12C        C       0
                text48                             420E     420E        E        C       0
                text47                             412E     412E       28        C       0
                text46                             417A     417A       24        C       0
                text45                             4156     4156       24        C       0
                text44                             3B0A     3B0A       A2        C       0
                text43                             3DF0     3DF0       7E        C       0
                text42                             3FF8     3FF8       4E        C       0
                text41                             41E6     41E6       16        C       0
                text40                             2C9C     2C9C      17A        C       0
                text39                             4232     4232        2        C       0
                text38                             3F4C     3F4C       5A        C       0
                text37                             21C4     21C4      25C        C       0
                text36                             2B20     2B20      17C        C       0
                text35                             3D6A     3D6A       86        C       0
                text34                             19F8     19F8      2FC        C       0
                text33                             39BC     39BC       AC        C       0
                text32                             40FE     40FE       30        C       0
                text31                             353E     353E      118        C       0
                text30                             16EC     16EC      30C        C       0
                text29                             4046     4046       4C        C       0
                text28                             2E16     2E16      144        C       0
                text27                             3900     3900       BC        C       0
                text26                             3BAC     3BAC       9A        C       0
                text25                             3E6E     3E6E       7C        C       0
                text24                             2998     2998      188        C       0
                text23                             27FA     27FA      19E        C       0
                text22                             3842     3842       BE        C       0
                text21                             3A68     3A68       A2        C       0
                text20                             2420     2420      21A        C       0
                text19                             1CF4     1CF4      26C        C       0
                text18                             3C46     3C46       96        C       0
                text17                              F32      F32      482        C       0
                text16                              3C0      3C0      B72        C       0
                text15                             13B4     13B4      338        C       0
                text14                             41FC     41FC       12        C       0
                text13                             4228     4228        6        C       0
                text12                             41D0     41D0       16        C       0
                text11                             4092     4092       38        C       0
                text10                             3656     3656      116        C       0
                text9                              2F5A     2F5A      13E        C       0
                text8                              3CDC     3CDC       8E        C       0
                text7                              3098     3098      134        C       0
                text6                              263A     263A      1C0        C       0
                text5                              40CA     40CA       34        C       0
                text4                              3424     3424      11A        C       0
                text3                              41B8     41B8       18        C       0
                text2                              419E     419E       1A        C       0
                text1                              376C     376C       D6        C       0
                text0                              3FA6     3FA6       52        C       0
                cstackCOMRAM                          1        1       39        1       1
                cstackBANK0                          80       80       4E       80       1
                dataBANK0                            EA       EA        C       80       1
                bssBANK0                             CE       CE       1C       80       1
                dataCOMRAM                           4E       4E        4        1       1
                bssCOMRAM                            46       46        8        1       1
                cinit                              3EEA     3EEA       62        C       0
                idataBANK0                         421C     421C        C        C       0
                idataCOMRAM                        422E     422E        4        C       0

TOTAL           Name                               Link     Load   Length     Space
        CLASS   STACK          
                stack                                F6       F6      50A         2

        CLASS   CODE           
                end_init                            3BC      3BC        4         0
                init                                3B8      3B8        4         0
                intcodelo                            18       18      3A0         0
                intcode                               8        8       10         0
                reset_vec                             0        0        4         0
                text52                             32F8     32F8      12C         0
                intcode_body                       1F60     1F60      264         0
                text50                             31CC     31CC      12C         0
                text48                             420E     420E        E         0
                text47                             412E     412E       28         0
                text46                             417A     417A       24         0
                text45                             4156     4156       24         0
                text44                             3B0A     3B0A       A2         0
                text43                             3DF0     3DF0       7E         0
                text42                             3FF8     3FF8       4E         0
                text41                             41E6     41E6       16         0
                text40                             2C9C     2C9C      17A         0
                text39                             4232     4232        2         0
                text38                             3F4C     3F4C       5A         0
                text37                             21C4     21C4      25C         0
                text36                             2B20     2B20      17C         0
                text35                             3D6A     3D6A       86         0
                text34                             19F8     19F8      2FC         0
                text33                             39BC     39BC       AC         0
                text32                             40FE     40FE       30         0
                text31                             353E     353E      118         0
                text30                             16EC     16EC      30C         0
                text29                             4046     4046       4C         0
                text28                             2E16     2E16      144         0
                text27                             3900     3900       BC         0
                text26                             3BAC     3BAC       9A         0
                text25                             3E6E     3E6E       7C         0
                text24                             2998     2998      188         0
                text23                             27FA     27FA      19E         0
                text22                             3842     3842       BE         0
                text21                             3A68     3A68       A2         0
                text20                             2420     2420      21A         0
                text19                             1CF4     1CF4      26C         0
                text18                             3C46     3C46       96         0
                text17                              F32      F32      482         0
                text16                              3C0      3C0      B72         0
                text15                             13B4     13B4      338         0
                text14                             41FC     41FC       12         0
                text13                             4228     4228        6         0
                text12                             41D0     41D0       16         0
                text11                             4092     4092       38         0
                text10                             3656     3656      116         0
                text9                              2F5A     2F5A      13E         0
                text8                              3CDC     3CDC       8E         0
                text7                              3098     3098      134         0
                text6                              263A     263A      1C0         0
                text5                              40CA     40CA       34         0
                text4                              3424     3424      11A         0
                text3                              41B8     41B8       18         0
                text2                              419E     419E       1A         0
                text1                              376C     376C       D6         0
                text0                              3FA6     3FA6       52         0
                cinit                              3EEA     3EEA       62         0
                idataBANK0                         421C     421C        C         0
                idataCOMRAM                        422E     422E        4         0

        CLASS   CONST          

        CLASS   SMALLCONST     

        CLASS   MEDIUMCONST    
                mediumconst                        7554     7554      AAC         0

        CLASS   COMRAM         
                temp                                 3A       3A        C         1
                cstackCOMRAM                          1        1       39         1
                dataCOMRAM                           4E       4E        4         1
                bssCOMRAM                            46       46        8         1

        CLASS   ABS1           

        CLASS   BIGRAM         

        CLASS   RAM            

        CLASS   BANK0          
                cstackBANK0                          80       80       4E         1
                dataBANK0                            EA       EA        C         1
                bssBANK0                             CE       CE       1C         1

        CLASS   BANK1          

        CLASS   BANK2          

        CLASS   BANK3          

        CLASS   BANK4          

        CLASS   BANK5          

        CLASS   SFR            

        CLASS   FARRAM         

        CLASS   CONFIG         
                config                           300000   300000        E         0

        CLASS   IDLOC          
                idloc                            200000   200000        8         0

        CLASS   EEDATA         



SEGMENTS        Name                           Load    Length   Top    Selector   Space  Class

                reset_vec                      000000  000004  000004         0       0  CODE    
                cstackCOMRAM                   000001  000051  000052         1       1  COMRAM  
                intcode                        000008  000010  000018         4       0  CODE    
                intcodelo                      000018  00421C  004234         C       0  CODE    
                cstackBANK0                    000080  000076  0000F6        80       1  BANK0   
                stack                          0000F6  00050A  000600        F6       2  STACK   
                mediumconst                    007554  000AAC  008000      3AAA       0  MEDIUMCO
                idloc                          200000  000008  200008    200000       0  IDLOC   
                config                         300000  00000E  30000E    300000       0  CONFIG  


UNUSED ADDRESS RANGES

        Name                Unused          Largest block    Delta
        BANK0            0000F6-0000FF                A
        BANK1            000100-0001FF              100
        BANK2            000200-0002FF              100
        BANK3            000300-0003FF              100
        BANK4            000400-0004FF              100
        BANK5            000500-0005FF              100
        BIGRAM           000052-00007F               2E
                         0000F6-0005FF              50A
        CODE             000004-000007                4
                         004234-007553             3320
        COMRAM           000052-00007F               2E
        CONST            000004-000007                4
                         004234-007553             3320
        EEDATA           F00000-F000FF              100
        MEDIUMCONST      004234-007553             3320
        RAM              0000F6-0005FF              100
        SFR              000F80-000FFF               80
        SMALLCONST       004234-007553              100

                                  Symbol Table

?_PIR_reset                                 cstackCOMRAM 000001
?___awdiv                                   cstackBANK0  000086
?___awmod                                   cstackBANK0  000080
?___ftneg                                   cstackBANK0  000080
?___ftsub                                   cstackBANK0  000089
?___fttol                                   cstackBANK0  000092
?___lldiv                                   cstackBANK0  000080
?___llmod                                   cstackBANK0  00008D
?___lltoft                                  cstackBANK0  000080
?__div_to_l_                                cstackBANK0  000080
?__tdiv_to_l_                               cstackBANK0  000080
?_changePassword                            cstackBANK0  000080
?_fround                                    cstackBANK0  00008E
?_scale                                     cstackBANK0  00008E
?_sprintf                                   cstackBANK0  0000A1
?_temp_reset                                cstackCOMRAM 000017
My_ISR_High@check                           cstackCOMRAM 000013
My_ISR_High@sec_correctPassword             cstackCOMRAM 000015
My_ISR_Low_TempSensor@check                 cstackCOMRAM 000034
My_ISR_Low_TempSensor@i_1196                cstackCOMRAM 000038
My_ISR_Low_TempSensor@thirdCorrectPassword  cstackCOMRAM 000032
My_ISR_Low_TempSensor@third_correctPassword cstackCOMRAM 000036
PIR_reset@c_correctPassword                 cstackCOMRAM 000004
PIR_reset@i                                 cstackCOMRAM 000006
_ADCON0                                     (abs)        000FC2
_ADCON0bits                                 (abs)        000FC2
_ADCON1                                     (abs)        000FC1
_ADCON2                                     (abs)        000FC0
_ADRESH                                     (abs)        000FC4
_ADRESL                                     (abs)        000FC3
_CFGS                                       (abs)        007D36
_EEADR                                      (abs)        000FA9
_EECON1bits                                 (abs)        000FA6
_EECON2                                     (abs)        000FA7
_EEDATA                                     (abs)        000FA8
_EEPGD                                      (abs)        007D37
_FindCurrentTemp                            text4        003424
_INTCON2bits                                (abs)        000FF1
_INTCONbits                                 (abs)        000FF2
_IPR1bits                                   (abs)        000F9F
_My_ISR_High                                intcode      000008
_My_ISR_Low_TempSensor                      intcodelo    000018
_PIE1bits                                   (abs)        000F9D
_PIR1bits                                   (abs)        000F9E
_PIRStatusAddr                              dataBANK0    0000EA
_PIR_reset                                  text52       0032F8
_PORTBbits                                  (abs)        000F81
_PORTD                                      (abs)        000F83
_PORTDbits                                  (abs)        000F83
_RCONbits                                   (abs)        000FD0
_RCREG                                      (abs)        000FAE
_RCSTAbits                                  (abs)        000FAB
_RD                                         (abs)        007D30
_SPBRG                                      (abs)        000FAF
_T0CON                                      (abs)        000FD5
_T0CONbits                                  (abs)        000FD5
_TMR0H                                      (abs)        000FD7
_TMR0L                                      (abs)        000FD6
_TRISAbits                                  (abs)        000F92
_TRISBbits                                  (abs)        000F93
_TRISCbits                                  (abs)        000F94
_TRISD                                      (abs)        000F95
_TXREG                                      (abs)        000FAD
_TXSTAbits                                  (abs)        000FAC
_WREN                                       (abs)        007D32
__CFG_BOREN$OFF                             (abs)        000000
__CFG_BORV$3                                (abs)        000000
__CFG_CCP2MX$PORTC                          (abs)        000000
__CFG_CP0$OFF                               (abs)        000000
__CFG_CP1$OFF                               (abs)        000000
__CFG_CP2$OFF                               (abs)        000000
__CFG_CP3$OFF                               (abs)        000000
__CFG_CPB$OFF                               (abs)        000000
__CFG_CPD$OFF                               (abs)        000000
__CFG_EBTR0$OFF                             (abs)        000000
__CFG_EBTR1$OFF                             (abs)        000000
__CFG_EBTR2$OFF                             (abs)        000000
__CFG_EBTR3$OFF                             (abs)        000000
__CFG_EBTRB$OFF                             (abs)        000000
__CFG_FCMEN$OFF                             (abs)        000000
__CFG_IESO$OFF                              (abs)        000000
__CFG_LPT1OSC$OFF                           (abs)        000000
__CFG_LVP$OFF                               (abs)        000000
__CFG_MCLRE$ON                              (abs)        000000
__CFG_OSC$HS                                (abs)        000000
__CFG_PBADEN$OFF                            (abs)        000000
__CFG_PWRT$OFF                              (abs)        000000
__CFG_STVREN$ON                             (abs)        000000
__CFG_WDT$OFF                               (abs)        000000
__CFG_WDTPS$32768                           (abs)        000000
__CFG_WRT0$OFF                              (abs)        000000
__CFG_WRT1$OFF                              (abs)        000000
__CFG_WRT2$OFF                              (abs)        000000
__CFG_WRT3$OFF                              (abs)        000000
__CFG_WRTB$OFF                              (abs)        000000
__CFG_WRTC$OFF                              (abs)        000000
__CFG_WRTD$OFF                              (abs)        000000
__CFG_XINST$OFF                             (abs)        000000
__HRAM                                      (abs)        000000
__Habs1                                     abs1         000000
__Hbank0                                    bank0        000000
__Hbank1                                    bank1        000000
__Hbank2                                    bank2        000000
__Hbank3                                    bank3        000000
__Hbank4                                    bank4        000000
__Hbank5                                    bank5        000000
__Hbigbss                                   bigbss       000000
__Hbigdata                                  bigdata      000000
__Hbigram                                   bigram       000000
__Hbss                                      bss          000000
__HbssBANK0                                 bssBANK0     000000
__HbssCOMRAM                                bssCOMRAM    000000
__Hcinit                                    cinit        000000
__Hclrtext                                  clrtext      000000
__Hcomram                                   comram       000000
__Hconfig                                   config       30000E
__Hconst                                    const        000000
__HcstackBANK0                              cstackBANK0  000000
__HcstackCOMRAM                             cstackCOMRAM 000000
__Hdata                                     data         000000
__HdataBANK0                                dataBANK0    000000
__HdataCOMRAM                               dataCOMRAM   000000
__Heeprom_data                              eeprom_data  000000
__Hend_init                                 end_init     0003C0
__Hfarbss                                   farbss       000000
__Hfardata                                  fardata      000000
__Hibigdata                                 ibigdata     000000
__Hidata                                    idata        000000
__HidataBANK0                               idataBANK0   000000
__HidataCOMRAM                              idataCOMRAM  000000
__Hidloc                                    idloc        200008
__Hifardata                                 ifardata     000000
__Hinit                                     init         0003BC
__Hintcode                                  intcode      000018
__Hintcode_body                             intcode_body 000000
__Hintcodelo                                intcodelo    0003B8
__Hintentry                                 intentry     000000
__Hintret                                   intret       000000
__Hintsave_regs                             intsave_regs 000000
__Hirdata                                   irdata       000000
__Hmediumconst                              mediumconst  008000
__HnvFARRAM                                 nvFARRAM     000000
__Hnvbit                                    nvbit        000000
__Hnvrram                                   nvrram       000000
__Hparam                                    rparam       000000
__Hpowerup                                  powerup      0003B8
__Hram                                      ram          000000
__Hramtop                                   ramtop       000600
__Hrbit                                     rbit         000000
__Hrbss                                     rbss         000000
__Hrdata                                    rdata        000000
__Hreset_vec                                reset_vec    000004
__Hrparam                                   rparam       000000
__Hsfr                                      sfr          000000
__Hsmallconst                               smallconst   000000
__Hspace_0                                  (abs)        30000E
__Hspace_1                                  (abs)        0000F6
__Hspace_2                                  (abs)        000600
__Hstack                                    stack        000600
__Hstruct                                   struct       000000
__Htemp                                     temp         000046
__Htext                                     text         000000
__Htext0                                    text0        000000
__Htext1                                    text1        000000
__Htext10                                   text10       000000
__Htext11                                   text11       000000
__Htext12                                   text12       000000
__Htext13                                   text13       000000
__Htext14                                   text14       000000
__Htext15                                   text15       000000
__Htext16                                   text16       000000
__Htext17                                   text17       000000
__Htext18                                   text18       000000
__Htext19                                   text19       000000
__Htext2                                    text2        000000
__Htext20                                   text20       000000
__Htext21                                   text21       000000
__Htext22                                   text22       000000
__Htext23                                   text23       000000
__Htext24                                   text24       000000
__Htext25                                   text25       000000
__Htext26                                   text26       000000
__Htext27                                   text27       000000
__Htext28                                   text28       000000
__Htext29                                   text29       000000
__Htext3                                    text3        000000
__Htext30                                   text30       000000
__Htext31                                   text31       000000
__Htext32                                   text32       000000
__Htext33                                   text33       000000
__Htext34                                   text34       000000
__Htext35                                   text35       000000
__Htext36                                   text36       000000
__Htext37                                   text37       000000
__Htext38                                   text38       000000
__Htext39                                   text39       000000
__Htext4                                    text4        000000
__Htext40                                   text40       000000
__Htext41                                   text41       000000
__Htext42                                   text42       000000
__Htext43                                   text43       000000
__Htext44                                   text44       000000
__Htext45                                   text45       000000
__Htext46                                   text46       000000
__Htext47                                   text47       000000
__Htext48                                   text48       000000
__Htext5                                    text5        000000
__Htext50                                   text50       000000
__Htext52                                   text52       000000
__Htext6                                    text6        000000
__Htext7                                    text7        000000
__Htext8                                    text8        000000
__Htext9                                    text9        000000
__LRAM                                      (abs)        000001
__Labs1                                     abs1         000000
__Lbank0                                    bank0        000000
__Lbank1                                    bank1        000000
__Lbank2                                    bank2        000000
__Lbank3                                    bank3        000000
__Lbank4                                    bank4        000000
__Lbank5                                    bank5        000000
__Lbigbss                                   bigbss       000000
__Lbigdata                                  bigdata      000000
__Lbigram                                   bigram       000000
__Lbss                                      bss          000000
__LbssBANK0                                 bssBANK0     000000
__LbssCOMRAM                                bssCOMRAM    000000
__Lcinit                                    cinit        000000
__Lclrtext                                  clrtext      000000
__Lcomram                                   comram       000000
__Lconfig                                   config       300000
__Lconst                                    const        000000
__LcstackBANK0                              cstackBANK0  000000
__LcstackCOMRAM                             cstackCOMRAM 000000
__Ldata                                     data         000000
__LdataBANK0                                dataBANK0    000000
__LdataCOMRAM                               dataCOMRAM   000000
__Leeprom_data                              eeprom_data  000000
__Lend_init                                 end_init     0003BC
__Lfarbss                                   farbss       000000
__Lfardata                                  fardata      000000
__Libigdata                                 ibigdata     000000
__Lidata                                    idata        000000
__LidataBANK0                               idataBANK0   000000
__LidataCOMRAM                              idataCOMRAM  000000
__Lidloc                                    idloc        200000
__Lifardata                                 ifardata     000000
__Linit                                     init         0003B8
__Lintcode                                  intcode      000008
__Lintcode_body                             intcode_body 000000
__Lintcodelo                                intcodelo    000018
__Lintentry                                 intentry     000000
__Lintret                                   intret       000000
__Lintsave_regs                             intsave_regs 000000
__Lirdata                                   irdata       000000
__Lmediumconst                              mediumconst  007554
__LnvFARRAM                                 nvFARRAM     000000
__Lnvbit                                    nvbit        000000
__Lnvrram                                   nvrram       000000
__Lparam                                    rparam       000000
__Lpowerup                                  powerup      0003B8
__Lram                                      ram          000000
__Lramtop                                   ramtop       000600
__Lrbit                                     rbit         000000
__Lrbss                                     rbss         000000
__Lrdata                                    rdata        000000
__Lreset_vec                                reset_vec    000000
__Lrparam                                   rparam       000000
__Lsfr                                      sfr          000000
__Lsmallconst                               smallconst   000000
__Lspace_0                                  (abs)        000000
__Lspace_1                                  (abs)        000000
__Lspace_2                                  (abs)        000000
__Lstack                                    stack        0000F6
__Lstruct                                   struct       000000
__Ltemp                                     temp         00003A
__Ltext                                     text         000000
__Ltext0                                    text0        000000
__Ltext1                                    text1        000000
__Ltext10                                   text10       000000
__Ltext11                                   text11       000000
__Ltext12                                   text12       000000
__Ltext13                                   text13       000000
__Ltext14                                   text14       000000
__Ltext15                                   text15       000000
__Ltext16                                   text16       000000
__Ltext17                                   text17       000000
__Ltext18                                   text18       000000
__Ltext19                                   text19       000000
__Ltext2                                    text2        000000
__Ltext20                                   text20       000000
__Ltext21                                   text21       000000
__Ltext22                                   text22       000000
__Ltext23                                   text23       000000
__Ltext24                                   text24       000000
__Ltext25                                   text25       000000
__Ltext26                                   text26       000000
__Ltext27                                   text27       000000
__Ltext28                                   text28       000000
__Ltext29                                   text29       000000
__Ltext3                                    text3        000000
__Ltext30                                   text30       000000
__Ltext31                                   text31       000000
__Ltext32                                   text32       000000
__Ltext33                                   text33       000000
__Ltext34                                   text34       000000
__Ltext35                                   text35       000000
__Ltext36                                   text36       000000
__Ltext37                                   text37       000000
__Ltext38                                   text38       000000
__Ltext39                                   text39       000000
__Ltext4                                    text4        000000
__Ltext40                                   text40       000000
__Ltext41                                   text41       000000
__Ltext42                                   text42       000000
__Ltext43                                   text43       000000
__Ltext44                                   text44       000000
__Ltext45                                   text45       000000
__Ltext46                                   text46       000000
__Ltext47                                   text47       000000
__Ltext48                                   text48       000000
__Ltext5                                    text5        000000
__Ltext50                                   text50       000000
__Ltext52                                   text52       000000
__Ltext6                                    text6        000000
__Ltext7                                    text7        000000
__Ltext8                                    text8        000000
__Ltext9                                    text9        000000
__S0                                        (abs)        30000E
__S1                                        (abs)        0000F6
__S2                                        (abs)        000600
___awdiv                                    text22       003842
___awdiv@counter                            cstackBANK0  00008A
___awdiv@dividend                           cstackBANK0  000086
___awdiv@divisor                            cstackBANK0  000088
___awdiv@quotient                           cstackBANK0  00008C
___awdiv@sign                               cstackBANK0  00008B
___awmod                                    text21       003A68
___awmod@counter                            cstackBANK0  000084
___awmod@dividend                           cstackBANK0  000080
___awmod@divisor                            cstackBANK0  000082
___awmod@sign                               cstackBANK0  000085
___ftadd                                    text30       0016EC
___ftdiv                                    text6        00263A
___ftge                                     text33       0039BC
___ftmul                                    text20       002420
___ftneg                                    text32       0040FE
___ftneg@f1                                 cstackBANK0  000080
___ftpack                                   text31       00353E
___ftsub                                    text29       004046
___ftsub@f1                                 cstackBANK0  000089
___ftsub@f2                                 cstackBANK0  00008C
___fttol                                    text28       002E16
___fttol@exp1                               cstackBANK0  0000A0
___fttol@f1                                 cstackBANK0  000092
___fttol@lval                               cstackBANK0  00009C
___fttol@sign1                              cstackBANK0  00009B
___inthi_sp                                 stack        0002A4
___intlo_sp                                 stack        000452
___lldiv                                    text27       003900
___lldiv@counter                            cstackBANK0  00008C
___lldiv@dividend                           cstackBANK0  000080
___lldiv@divisor                            cstackBANK0  000084
___lldiv@quotient                           cstackBANK0  000088
___llmod                                    text26       003BAC
___llmod@counter                            cstackBANK0  000095
___llmod@dividend                           cstackBANK0  00008D
___llmod@divisor                            cstackBANK0  000091
___lltoft                                   text25       003E6E
___lltoft@c                                 cstackBANK0  000080
___lltoft@exp                               cstackBANK0  000088
___lwtoft                                   text5        0040CA
___param_bank                               (abs)        000010
___rparam_used                              (abs)        000001
___sp                                       stack        0000F6
___wmul                                     text18       003C46
__accesstop                                 (abs)        000080
__activetblptr                              (abs)        000002
__div_to_l_                                 text24       002998
__div_to_l_@cntr                            cstackBANK0  00008A
__div_to_l_@exp1                            cstackBANK0  00008B
__div_to_l_@f1                              cstackBANK0  000080
__div_to_l_@f2                              cstackBANK0  000083
__div_to_l_@quot                            cstackBANK0  000086
__end_of_FindCurrentTemp                    text4        00353E
__end_of_My_ISR_High                        intcode_body 0021C4
__end_of_My_ISR_Low_TempSensor              intcodelo    0003B8
__end_of_PIR_reset                          text52       003424
__end_of___awdiv                            text22       003900
__end_of___awmod                            text21       003B0A
__end_of___ftadd                            text30       0019F8
__end_of___ftdiv                            text6        0027FA
__end_of___ftge                             text33       003A68
__end_of___ftmul                            text20       00263A
__end_of___ftneg                            text32       00412E
__end_of___ftpack                           text31       003656
__end_of___ftsub                            text29       004092
__end_of___fttol                            text28       002F5A
__end_of___lldiv                            text27       0039BC
__end_of___llmod                            text26       003C46
__end_of___lltoft                           text25       003EEA
__end_of___lwtoft                           text5        0040FE
__end_of___wmul                             text18       003CDC
__end_of__div_to_l_                         text24       002B20
__end_of__initialization                    cinit        003F42
__end_of__npowers_                          mediumconst  0075A4
__end_of__powers_                           mediumconst  0075CB
__end_of__tdiv_to_l_                        text23       002998
__end_of_atoi                               text9        003098
__end_of_changePassword                     text35       003DF0
__end_of_checkStatus                        text10       00376C
__end_of_choiceKeypad                       text44       003BAC
__end_of_clearScreen                        text48       00421C
__end_of_dpowers                            mediumconst  00757D
__end_of_existingUserLogin                  text8        003D6A
__end_of_fround                             text19       001F60
__end_of_halfSecDelay                       text38       003FA6
__end_of_initialScreen                      text42       004046
__end_of_initialize_PIR                     text14       00420E
__end_of_initialize_serial                  text3        0041D0
__end_of_initialize_tempSensor              text13       00422E
__end_of_initialize_timer                   text2        0041B8
__end_of_isdigit                            text11       0040CA
__end_of_main                               text0        003FF8
__end_of_mainScreen                         text15       0016EC
__end_of_my_print                           text43       003E6E
__end_of_option_Keyboard                    text46       00419E
__end_of_option_Keypad                      text45       00417A
__end_of_option_PIR                         text40       002E16
__end_of_option_Refresh                     text39       004234
__end_of_option_TempSensor                  text36       002C9C
__end_of_option_passcode                    text34       001CF4
__end_of_read_EEPROM                        text12       0041E6
__end_of_reception                          text41       0041FC
__end_of_scale                              text17       0013B4
__end_of_setUpPassword                      text1        003842
__end_of_sprintf                            text16       000F32
__end_of_temp_reset                         text50       0032F8
__end_of_updateThreshold                    text37       002420
__end_of_verifyPassword                     text7        0031CC
__end_of_write_EEPROM                       text47       004156
__initialization                            cinit        003EEA
__mediumconst                               mediumconst  007554
__npowers_                                  mediumconst  00757D
__pbssBANK0                                 bssBANK0     0000CE
__pbssCOMRAM                                bssCOMRAM    000046
__pcinit                                    cinit        003EEA
__pcstackBANK0                              cstackBANK0  000080
__pcstackCOMRAM                             cstackCOMRAM 000001
__pdataBANK0                                dataBANK0    0000EA
__pdataCOMRAM                               dataCOMRAM   00004E
__pidataBANK0                               idataBANK0   00421C
__pidataCOMRAM                              idataCOMRAM  00422E
__pintcode                                  intcode      000008
__pintcode_body                             intcode_body 001F60
__pintcodelo                                intcodelo    000018
__pmediumconst                              mediumconst  007554
__powers_                                   mediumconst  0075A4
__ptext0                                    text0        003FA6
__ptext1                                    text1        00376C
__ptext10                                   text10       003656
__ptext11                                   text11       004092
__ptext12                                   text12       0041D0
__ptext13                                   text13       004228
__ptext14                                   text14       0041FC
__ptext15                                   text15       0013B4
__ptext16                                   text16       0003C0
__ptext17                                   text17       000F32
__ptext18                                   text18       003C46
__ptext19                                   text19       001CF4
__ptext2                                    text2        00419E
__ptext20                                   text20       002420
__ptext21                                   text21       003A68
__ptext22                                   text22       003842
__ptext23                                   text23       0027FA
__ptext24                                   text24       002998
__ptext25                                   text25       003E6E
__ptext26                                   text26       003BAC
__ptext27                                   text27       003900
__ptext28                                   text28       002E16
__ptext29                                   text29       004046
__ptext3                                    text3        0041B8
__ptext30                                   text30       0016EC
__ptext31                                   text31       00353E
__ptext32                                   text32       0040FE
__ptext33                                   text33       0039BC
__ptext34                                   text34       0019F8
__ptext35                                   text35       003D6A
__ptext36                                   text36       002B20
__ptext37                                   text37       0021C4
__ptext38                                   text38       003F4C
__ptext39                                   text39       004232
__ptext4                                    text4        003424
__ptext40                                   text40       002C9C
__ptext41                                   text41       0041E6
__ptext42                                   text42       003FF8
__ptext43                                   text43       003DF0
__ptext44                                   text44       003B0A
__ptext45                                   text45       004156
__ptext46                                   text46       00417A
__ptext47                                   text47       00412E
__ptext48                                   text48       00420E
__ptext5                                    text5        0040CA
__ptext50                                   text50       0031CC
__ptext52                                   text52       0032F8
__ptext6                                    text6        00263A
__ptext7                                    text7        003098
__ptext8                                    text8        003CDC
__ptext9                                    text9        002F5A
__ramtop                                    ramtop       000600
__size_of_FindCurrentTemp                   (abs)        000000
__size_of_My_ISR_High                       (abs)        000000
__size_of_My_ISR_Low_TempSensor             (abs)        000000
__size_of_PIR_reset                         (abs)        000000
__size_of___awdiv                           (abs)        000000
__size_of___awmod                           (abs)        000000
__size_of___ftadd                           (abs)        000000
__size_of___ftdiv                           (abs)        000000
__size_of___ftge                            (abs)        000000
__size_of___ftmul                           (abs)        000000
__size_of___ftneg                           (abs)        000000
__size_of___ftpack                          (abs)        000000
__size_of___ftsub                           (abs)        000000
__size_of___fttol                           (abs)        000000
__size_of___lldiv                           (abs)        000000
__size_of___llmod                           (abs)        000000
__size_of___lltoft                          (abs)        000000
__size_of___lwtoft                          (abs)        000000
__size_of___wmul                            (abs)        000000
__size_of__div_to_l_                        (abs)        000000
__size_of__tdiv_to_l_                       (abs)        000000
__size_of_atoi                              (abs)        000000
__size_of_changePassword                    (abs)        000000
__size_of_checkStatus                       (abs)        000000
__size_of_choiceKeypad                      (abs)        000000
__size_of_clearScreen                       (abs)        000000
__size_of_existingUserLogin                 (abs)        000000
__size_of_fround                            (abs)        000000
__size_of_halfSecDelay                      (abs)        000000
__size_of_initialScreen                     (abs)        000000
__size_of_initialize_PIR                    (abs)        000000
__size_of_initialize_serial                 (abs)        000000
__size_of_initialize_tempSensor             (abs)        000000
__size_of_initialize_timer                  (abs)        000000
__size_of_isdigit                           (abs)        000000
__size_of_main                              (abs)        000000
__size_of_mainScreen                        (abs)        000000
__size_of_my_print                          (abs)        000000
__size_of_option_Keyboard                   (abs)        000000
__size_of_option_Keypad                     (abs)        000000
__size_of_option_PIR                        (abs)        000000
__size_of_option_Refresh                    (abs)        000000
__size_of_option_TempSensor                 (abs)        000000
__size_of_option_passcode                   (abs)        000000
__size_of_read_EEPROM                       (abs)        000000
__size_of_reception                         (abs)        000000
__size_of_scale                             (abs)        000000
__size_of_setUpPassword                     (abs)        000000
__size_of_sprintf                           (abs)        000000
__size_of_temp_reset                        (abs)        000000
__size_of_updateThreshold                   (abs)        000000
__size_of_verifyPassword                    (abs)        000000
__size_of_write_EEPROM                      (abs)        000000
__smallconst                                smallconst   000000
__tdiv_to_l_                                text23       0027FA
__tdiv_to_l_@cntr                           cstackBANK0  00008D
__tdiv_to_l_@exp1                           cstackBANK0  00008E
__tdiv_to_l_@f1                             cstackBANK0  000080
__tdiv_to_l_@f2                             cstackBANK0  000083
__tdiv_to_l_@quot                           cstackBANK0  000089
_addr                                       bssBANK0     0000D9
_atoi                                       text9        002F5A
_changePassword                             text35       003D6A
_check                                      bssCOMRAM    000046
_checkStatus                                text10       003656
_choice                                     bssBANK0     0000DF
_choiceKeypad                               text44       003B0A
_clearScreen                                text48       00420E
_correctPassword                            dataBANK0    0000EC
_dpowers                                    mediumconst  007555
_existingUserLogin                          text8        003CDC
_flag                                       bssBANK0     0000DB
_fround                                     text19       001CF4
_halfSecDelay                               text38       003F4C
_inReset                                    bssCOMRAM    000048
_initialScreen                              text42       003FF8
_initialize_PIR                             text14       0041FC
_initialize_serial                          text3        0041B8
_initialize_tempSensor                      text13       004228
_initialize_timer                           text2        00419E
_inputMethod                                dataBANK0    0000EE
_inputTypeAddr                              dataCOMRAM   00004E
_isdigit                                    text11       004092
_keypadValue                                bssBANK0     0000E0
_main                                       text0        003FA6
_mainScreen                                 text15       0013B4
_my_print                                   text43       003DF0
_option_Keyboard                            text46       00417A
_option_Keypad                              text45       004156
_option_PIR                                 text40       002C9C
_option_Refresh                             text39       004232
_option_TempSensor                          text36       002B20
_option_passcode                            text34       0019F8
_pass                                       bssBANK0     0000CE
_read_EEPROM                                text12       0041D0
_reception                                  text41       0041E6
_scale                                      text17       000F32
_setUpPassword                              text1        00376C
_sprintf                                    text16       0003C0
_statusOfPir                                dataBANK0    0000F0
_statusOfTemp                               dataBANK0    0000F2
_temp1                                      bssCOMRAM    00004A
_tempArray                                  bssBANK0     0000E1
_tempIntSet                                 bssCOMRAM    00004C
_tempPass                                   bssBANK0     0000D2
_tempStatusAddr                             dataCOMRAM   000050
_tempThreshold                              bssBANK0     0000DD
_temp_reset                                 text50       0031CC
_temperature                                bssBANK0     0000D6
_thresholdAddr                              dataBANK0    0000F4
_thresholdArray                             bssBANK0     0000E7
_updateThreshold                            text37       0021C4
_verifyPassword                             text7        003098
_write_EEPROM                               text47       00412E
btemp                                       temp         00003A
changePassword@a_correctPassword            cstackBANK0  000083
changePassword@i                            cstackBANK0  000085
end_of_initialization                       cinit        003F42
fround@prec                                 cstackBANK0  000091
int_func                                    intcode_body 001F60
intlevel0                                   text         000000
intlevel1                                   text         000000
intlevel2                                   text         000000
intlevel3                                   text         000000
option_passcode@i                           cstackBANK0  000089
option_passcode@i_1127                      cstackBANK0  00008B
option_passcode@my_correctPassword          cstackBANK0  000087
scale@scl                                   cstackBANK0  000091
setUpPassword@i                             cstackBANK0  000080
sprintf@ap                                  cstackBANK0  0000AE
sprintf@c                                   cstackBANK0  0000C3
sprintf@exp                                 cstackBANK0  0000BC
sprintf@f                                   cstackBANK0  0000A3
sprintf@flag                                cstackBANK0  0000B0
sprintf@fval                                cstackBANK0  0000BE
sprintf@prec                                cstackBANK0  0000C1
sprintf@sp                                  cstackBANK0  0000A1
sprintf@tmpval                              cstackBANK0  0000B4
sprintf@val                                 cstackBANK0  0000B8
sprintf@width                               cstackBANK0  0000B2
stackhi                                     (abs)        0005FF
stacklo                                     (abs)        0000F6
start                                       init         0003B8
start_initialization                        cinit        003EEA
temp_reset@b_correctPassword                cstackCOMRAM 00001A
temp_reset@i                                cstackCOMRAM 00001C
verifyPassword@i                            cstackBANK0  0000CC
verifyPassword@i_1033                       cstackBANK0  0000CA


FUNCTION INFORMATION:

 *************** function _main *****************
 Defined at:
		line 167 in file "FinalProject.c"
 Parameters:    Size  Location     Type
		None
 Auto vars:     Size  Location     Type
		None
 Return value:  Size  Location     Type
                  1    wreg      void 
 Registers used:
		wreg, fsr0l, fsr0h, fsr1l, fsr1h, fsr2l, fsr2h, status,2, status,0, pclat, btemp, btemp+1, btemp+2, btemp+3, btemp+4, btemp+5, btemp+6, btemp+7, btemp+8, btemp+9, btemp+10, btemp+11, tosl, structret, tblptrl, tblptrh, tblptru, prodl, prodh, bsr, cstack
 Tracked objects:
		On entry : 
		On exit  : 
		Unchanged: 
 Data sizes:     COMRAM   BANK0   BANK1   BANK2   BANK3   BANK4   BANK5
      Params:         0       0       0       0       0       0       0
      Locals:         0       0       0       0       0       0       0
      Temps:          0       0       0       0       0       0       0
      Totals:         0       0       0       0       0       0       0
Total ram usage:        0 bytes
 Hardware stack levels required when called:   18
 This function calls:
		_FindCurrentTemp
		_existingUserLogin
		_halfSecDelay
		_initialScreen
		_initialize_PIR
		_initialize_serial
		_initialize_timer
		_read_EEPROM
		_setUpPassword
 This function is called by:
		Startup code after reset
 This function uses a non-reentrant model


 *************** function _setUpPassword *****************
 Defined at:
		line 225 in file "FinalProject.c"
 Parameters:    Size  Location     Type
		None
 Auto vars:     Size  Location     Type
  i               2    0[BANK0 ] int 
 Return value:  Size  Location     Type
                  1    wreg      void 
 Registers used:
		wreg, fsr0l, fsr0h, fsr1l, fsr1h, fsr2l, fsr2h, status,2, status,0, pclat, btemp, btemp+1, btemp+2, btemp+3, btemp+4, btemp+5, btemp+6, btemp+7, btemp+8, btemp+9, btemp+10, btemp+11, tosl, structret, tblptrl, tblptrh, tblptru, prodl, prodh, bsr, cstack
 Tracked objects:
		On entry : 
		On exit  : 
		Unchanged: 
 Data sizes:     COMRAM   BANK0   BANK1   BANK2   BANK3   BANK4   BANK5
      Params:         0       0       0       0       0       0       0
      Locals:         0       2       0       0       0       0       0
      Temps:          0       0       0       0       0       0       0
      Totals:         0       2       0       0       0       0       0
Total ram usage:        2 bytes
 Hardware stack levels used:    1
 Hardware stack levels required when called:   17
 This function calls:
		_existingUserLogin
		_halfSecDelay
		_initialScreen
		_my_print
		_reception
		_updateThreshold
		_write_EEPROM
 This function is called by:
		_main
 This function uses a non-reentrant model


 *************** function _initialize_timer *****************
 Defined at:
		line 322 in file "FinalProject.c"
 Parameters:    Size  Location     Type
		None
 Auto vars:     Size  Location     Type
		None
 Return value:  Size  Location     Type
                  1    wreg      void 
 Registers used:
		wreg, status,2
 Tracked objects:
		On entry : 
		On exit  : 
		Unchanged: 
 Data sizes:     COMRAM   BANK0   BANK1   BANK2   BANK3   BANK4   BANK5
      Params:         0       0       0       0       0       0       0
      Locals:         0       0       0       0       0       0       0
      Temps:          0       0       0       0       0       0       0
      Totals:         0       0       0       0       0       0       0
Total ram usage:        0 bytes
 Hardware stack levels used:    1
 Hardware stack levels required when called:   10
 This function calls:
		Nothing
 This function is called by:
		_main
 This function uses a non-reentrant model


 *************** function _initialize_serial *****************
 Defined at:
		line 337 in file "FinalProject.c"
 Parameters:    Size  Location     Type
		None
 Auto vars:     Size  Location     Type
		None
 Return value:  Size  Location     Type
                  1    wreg      void 
 Registers used:
		wreg, status,2
 Tracked objects:
		On entry : 
		On exit  : 
		Unchanged: 
 Data sizes:     COMRAM   BANK0   BANK1   BANK2   BANK3   BANK4   BANK5
      Params:         0       0       0       0       0       0       0
      Locals:         0       0       0       0       0       0       0
      Temps:          0       0       0       0       0       0       0
      Totals:         0       0       0       0       0       0       0
Total ram usage:        0 bytes
 Hardware stack levels used:    1
 Hardware stack levels required when called:   10
 This function calls:
		Nothing
 This function is called by:
		_main
 This function uses a non-reentrant model


 *************** function _FindCurrentTemp *****************
 Defined at:
		line 1363 in file "FinalProject.c"
 Parameters:    Size  Location     Type
		None
 Auto vars:     Size  Location     Type
		None
 Return value:  Size  Location     Type
                  1  [STACK] void 
 Registers used:
		wreg, fsr1l, fsr1h, fsr2l, fsr2h, status,2, status,0, btemp, btemp+1, btemp+2, btemp+6, btemp+7, btemp+8, btemp+9, btemp+10, btemp+11
 Tracked objects:
		On entry : 
		On exit  : 
		Unchanged: 
 Data sizes:     COMRAM   BANK0   BANK1   BANK2   BANK3   BANK4   BANK5
      Params:         0       0       0       0       0       0       0
      Locals:         0       0       0       0       0       0       0
      Temps:          0       0       0       0       0       0       0
      Totals:         0       0       0       0       0       0       0
Total ram usage:        0 bytes
 Hardware stack levels used:    1
 Hardware stack levels required when called:   12
 This function calls:
		___ftadd
		___ftdiv
		___ftmul
		___lwtoft
 This function is called by:
		_main
		_My_ISR_Low_TempSensor
 This function uses a reentrant model


 *************** function ___lwtoft *****************
 Defined at:
		line 28 in file "/Applications/microchip/xc8/v1.38/sources/common/lwtoft.c"
 Parameters:    Size  Location     Type
  c               2  [STACK] unsigned int 
 Auto vars:     Size  Location     Type
		None
 Return value:  Size  Location     Type
                  3  [STACK] float 
 Registers used:
		wreg, fsr1l, fsr1h, fsr2l, fsr2h, status,2, status,0, btemp, btemp+1, btemp+2, btemp+6, btemp+7, btemp+8, btemp+9, btemp+10, btemp+11
 Tracked objects:
		On entry : 
		On exit  : 
		Unchanged: 
 Data sizes:     COMRAM   BANK0   BANK1   BANK2   BANK3   BANK4   BANK5
      Params:         0       0       0       0       0       0       0
      Locals:         0       0       0       0       0       0       0
      Temps:          0       0       0       0       0       0       0
      Totals:         0       0       0       0       0       0       0
Total ram usage:        0 bytes
 Hardware stack levels used:    1
 Hardware stack levels required when called:   11
 This function calls:
		___ftpack
 This function is called by:
		_My_ISR_Low_TempSensor
		_FindCurrentTemp
 This function uses a reentrant model


 *************** function ___ftdiv *****************
 Defined at:
		line 54 in file "/Applications/microchip/xc8/v1.38/sources/common/ftdiv.c"
 Parameters:    Size  Location     Type
  f1              3  [STACK] float 
  f2              3  [STACK] float 
 Auto vars:     Size  Location     Type
  f3              3  [STACK] float 
  sign            1  [STACK] unsigned char 
  exp             1  [STACK] unsigned char 
  cntr            1  [STACK] unsigned char 
 Return value:  Size  Location     Type
                  3  [STACK] float 
 Registers used:
		wreg, fsr1l, fsr1h, fsr2l, fsr2h, status,2, status,0, btemp, btemp+1, btemp+2, btemp+6, btemp+7, btemp+8, btemp+9, btemp+10, btemp+11
 Tracked objects:
		On entry : 
		On exit  : 
		Unchanged: 
 Data sizes:     COMRAM   BANK0   BANK1   BANK2   BANK3   BANK4   BANK5
      Params:         0       0       0       0       0       0       0
      Locals:         0       0       0       0       0       0       0
      Temps:          0       0       0       0       0       0       0
      Totals:         0       0       0       0       0       0       0
Total ram usage:        0 bytes
 Hardware stack levels used:    1
 Hardware stack levels required when called:   11
 This function calls:
		___ftpack
 This function is called by:
		_FindCurrentTemp
 This function uses a reentrant model


 *************** function _verifyPassword *****************
 Defined at:
		line 277 in file "FinalProject.c"
 Parameters:    Size  Location     Type
		None
 Auto vars:     Size  Location     Type
  i               2   74[BANK0 ] int 
  i               2    0        int 
  i               2   76[BANK0 ] int 
 Return value:  Size  Location     Type
                  1    wreg      void 
 Registers used:
		wreg, fsr0l, fsr0h, fsr1l, fsr1h, fsr2l, fsr2h, status,2, status,0, pclat, btemp, btemp+1, btemp+2, btemp+3, btemp+4, btemp+5, btemp+6, btemp+7, btemp+8, btemp+9, btemp+10, btemp+11, tosl, structret, tblptrl, tblptrh, tblptru, prodl, prodh, bsr, cstack
 Tracked objects:
		On entry : 
		On exit  : 
		Unchanged: 
 Data sizes:     COMRAM   BANK0   BANK1   BANK2   BANK3   BANK4   BANK5
      Params:         0       0       0       0       0       0       0
      Locals:         0       8       0       0       0       0       0
      Temps:          0       2       0       0       0       0       0
      Totals:         0      10       0       0       0       0       0
Total ram usage:       10 bytes
 Hardware stack levels used:    1
 Hardware stack levels required when called:   15
 This function calls:
		_atoi
		_checkStatus
		_existingUserLogin
		_halfSecDelay
		_mainScreen
		_my_print
		_read_EEPROM
 This function is called by:
		_existingUserLogin
 This function uses a non-reentrant model


 *************** function _existingUserLogin *****************
 Defined at:
		line 262 in file "FinalProject.c"
 Parameters:    Size  Location     Type
		None
 Auto vars:     Size  Location     Type
  i               2  [STACK] int 
 Return value:  Size  Location     Type
                  1  [STACK] void 
 Registers used:
		wreg, fsr0l, fsr0h, fsr1l, fsr1h, fsr2l, fsr2h, status,2, status,0, pclat, btemp, btemp+1, btemp+2, btemp+3, btemp+4, btemp+5, btemp+6, btemp+7, btemp+8, btemp+9, btemp+10, btemp+11, tosl, structret, tblptrl, tblptrh, tblptru, prodl, prodh, bsr, cstack
 Tracked objects:
		On entry : 
		On exit  : 
		Unchanged: 
 Data sizes:     COMRAM   BANK0   BANK1   BANK2   BANK3   BANK4   BANK5
      Params:         0       0       0       0       0       0       0
      Locals:         0       0       0       0       0       0       0
      Temps:          0       0       0       0       0       0       0
      Totals:         0       0       0       0       0       0       0
Total ram usage:        0 bytes
 Hardware stack levels used:    1
 Hardware stack levels required when called:   16
 This function calls:
		_my_print
		_reception
		_verifyPassword
 This function is called by:
		_main
		_setUpPassword
		_verifyPassword
 This function uses a recursive model


 *************** function _atoi *****************
 Defined at:
		line 5 in file "/Applications/microchip/xc8/v1.38/sources/common/atoi.c"
 Parameters:    Size  Location     Type
  s               2  [STACK] PTR const unsigned char 
		 -> thresholdArray(3), 
 Auto vars:     Size  Location     Type
  a               2  [STACK] int 
  sign            1  [STACK] unsigned char 
 Return value:  Size  Location     Type
                  2  [STACK] int 
 Registers used:
		wreg, fsr1l, fsr1h, fsr2l, fsr2h, status,2, status,0, btemp, btemp+1, btemp+10, btemp+11, prodl, prodh
 Tracked objects:
		On entry : 
		On exit  : 
		Unchanged: 
 Data sizes:     COMRAM   BANK0   BANK1   BANK2   BANK3   BANK4   BANK5
      Params:         0       0       0       0       0       0       0
      Locals:         0       0       0       0       0       0       0
      Temps:          0       0       0       0       0       0       0
      Totals:         0       0       0       0       0       0       0
Total ram usage:        0 bytes
 Hardware stack levels used:    1
 Hardware stack levels required when called:   11
 This function calls:
		___wmul
		_isdigit
 This function is called by:
		_verifyPassword
		_My_ISR_Low_TempSensor
		_updateThreshold
 This function uses a reentrant model


 *************** function _checkStatus *****************
 Defined at:
		line 1389 in file "FinalProject.c"
 Parameters:    Size  Location     Type
		None
 Auto vars:     Size  Location     Type
		None
 Return value:  Size  Location     Type
                  1    wreg      void 
 Registers used:
		wreg, fsr1l, fsr1h, status,2, status,0, btemp
 Tracked objects:
		On entry : 
		On exit  : 
		Unchanged: 
 Data sizes:     COMRAM   BANK0   BANK1   BANK2   BANK3   BANK4   BANK5
      Params:         0       0       0       0       0       0       0
      Locals:         0       0       0       0       0       0       0
      Temps:          0       0       0       0       0       0       0
      Totals:         0       0       0       0       0       0       0
Total ram usage:        0 bytes
 Hardware stack levels used:    1
 Hardware stack levels required when called:   11
 This function calls:
		_initialize_PIR
		_initialize_tempSensor
		_read_EEPROM
 This function is called by:
		_verifyPassword
 This function uses a non-reentrant model


 *************** function _isdigit *****************
 Defined at:
		line 8 in file "/Applications/microchip/xc8/v1.38/sources/common/isdigit.c"
 Parameters:    Size  Location     Type
  c               1  [STACK] unsigned char 
 Auto vars:     Size  Location     Type
		None
 Return value:  Size  Location     Type
		None               void
 Registers used:
		wreg, fsr1l, fsr1h, status,2, status,0, btemp, btemp+11
 Tracked objects:
		On entry : 
		On exit  : 
		Unchanged: 
 Data sizes:     COMRAM   BANK0   BANK1   BANK2   BANK3   BANK4   BANK5
      Params:         0       0       0       0       0       0       0
      Locals:         0       0       0       0       0       0       0
      Temps:          0       0       0       0       0       0       0
      Totals:         0       0       0       0       0       0       0
Total ram usage:        0 bytes
 Hardware stack levels used:    1
 Hardware stack levels required when called:   10
 This function calls:
		Nothing
 This function is called by:
		_sprintf
		_atoi
 This function uses a reentrant model


 *************** function _read_EEPROM *****************
 Defined at:
		line 1455 in file "FinalProject.c"
 Parameters:    Size  Location     Type
  add             2  [STACK] int 
 Auto vars:     Size  Location     Type
		None
 Return value:  Size  Location     Type
                  1  [STACK] unsigned char 
 Registers used:
		fsr1l, fsr1h, btemp
 Tracked objects:
		On entry : 
		On exit  : 
		Unchanged: 
 Data sizes:     COMRAM   BANK0   BANK1   BANK2   BANK3   BANK4   BANK5
      Params:         0       0       0       0       0       0       0
      Locals:         0       0       0       0       0       0       0
      Temps:          0       0       0       0       0       0       0
      Totals:         0       0       0       0       0       0       0
Total ram usage:        0 bytes
 Hardware stack levels used:    1
 Hardware stack levels required when called:   10
 This function calls:
		Nothing
 This function is called by:
		_main
		_verifyPassword
		_My_ISR_High
		_My_ISR_Low_TempSensor
		_PIR_reset
		_temp_reset
		_updateThreshold
		_changePassword
		_checkStatus
 This function uses a reentrant model


 *************** function _initialize_tempSensor *****************
 Defined at:
		line 375 in file "FinalProject.c"
 Parameters:    Size  Location     Type
		None
 Auto vars:     Size  Location     Type
		None
 Return value:  Size  Location     Type
                  1  [STACK] void 
 Registers used:
		None
 Tracked objects:
		On entry : 
		On exit  : 
		Unchanged: 
 Data sizes:     COMRAM   BANK0   BANK1   BANK2   BANK3   BANK4   BANK5
      Params:         0       0       0       0       0       0       0
      Locals:         0       0       0       0       0       0       0
      Temps:          0       0       0       0       0       0       0
      Totals:         0       0       0       0       0       0       0
Total ram usage:        0 bytes
 Hardware stack levels used:    1
 Hardware stack levels required when called:   10
 This function calls:
		Nothing
 This function is called by:
		_option_TempSensor
		_My_ISR_High
		_My_ISR_Low_TempSensor
		_checkStatus
 This function uses a reentrant model


 *************** function _initialize_PIR *****************
 Defined at:
		line 360 in file "FinalProject.c"
 Parameters:    Size  Location     Type
		None
 Auto vars:     Size  Location     Type
		None
 Return value:  Size  Location     Type
                  1  [STACK] void 
 Registers used:
		None
 Tracked objects:
		On entry : 
		On exit  : 
		Unchanged: 
 Data sizes:     COMRAM   BANK0   BANK1   BANK2   BANK3   BANK4   BANK5
      Params:         0       0       0       0       0       0       0
      Locals:         0       0       0       0       0       0       0
      Temps:          0       0       0       0       0       0       0
      Totals:         0       0       0       0       0       0       0
Total ram usage:        0 bytes
 Hardware stack levels used:    1
 Hardware stack levels required when called:   10
 This function calls:
		Nothing
 This function is called by:
		_main
		_option_PIR
		_My_ISR_High
		_checkStatus
 This function uses a reentrant model


 *************** function _mainScreen *****************
 Defined at:
		line 403 in file "FinalProject.c"
 Parameters:    Size  Location     Type
		None
 Auto vars:     Size  Location     Type
  tempTemperat    3  [STACK] unsigned char [3]
  tempThreshol    2  [STACK] unsigned char [2]
  i               2  [STACK] int 
 Return value:  Size  Location     Type
                  1  [STACK] void 
 Registers used:
		wreg, fsr0l, fsr0h, fsr1l, fsr1h, fsr2l, fsr2h, status,2, status,0, pclat, btemp, btemp+1, btemp+2, btemp+3, btemp+4, btemp+5, btemp+6, btemp+7, btemp+8, btemp+9, btemp+10, btemp+11, tosl, structret, tblptrl, tblptrh, tblptru, prodl, prodh, bsr, cstack
 Tracked objects:
		On entry : 
		On exit  : 
		Unchanged: 
 Data sizes:     COMRAM   BANK0   BANK1   BANK2   BANK3   BANK4   BANK5
      Params:         0       0       0       0       0       0       0
      Locals:         0       0       0       0       0       0       0
      Temps:          0       0       0       0       0       0       0
      Totals:         0       0       0       0       0       0       0
Total ram usage:        0 bytes
 Hardware stack levels used:    1
 Hardware stack levels required when called:   14
 This function calls:
		_choiceKeypad
		_halfSecDelay
		_initialScreen
		_mainScreen
		_my_print
		_option_Keyboard
		_option_Keypad
		_option_PIR
		_option_Refresh
		_option_TempSensor
		_option_passcode
		_reception
		_sprintf
 This function is called by:
		_verifyPassword
		_option_PIR
 This function uses a recursive model


 *************** function _sprintf *****************
 Defined at:
		line 492 in file "/Applications/microchip/xc8/v1.38/sources/common/doprnt.c"
 Parameters:    Size  Location     Type
  sp              2   33[BANK0 ] PTR unsigned char 
		 -> mainScreen@tempThresholdArray(2), tempArray(6), 
  f               2   35[BANK0 ] PTR const unsigned char 
		 -> STR_26(3), STR_24(6), 
 Auto vars:     Size  Location     Type
  val             4   56[BANK0 ] unsigned long 
  tmpval          4   52[BANK0 ] struct .
  fval            3   62[BANK0 ] struct .
  cp              3    0        PTR const unsigned char 
  prec            2   65[BANK0 ] int 
  exp             2   60[BANK0 ] int 
  width           2   50[BANK0 ] int 
  flag            2   48[BANK0 ] unsigned short 
  ap              2   46[BANK0 ] PTR void [1]
		 -> ?_sprintf(2), 
  len             2    0        unsigned int 
  c               1   67[BANK0 ] char 
  d               1    0        unsigned char 
 Return value:  Size  Location     Type
                  2   33[BANK0 ] int 
 Registers used:
		wreg, fsr1l, fsr1h, fsr2l, fsr2h, status,2, status,0, btemp, btemp+1, btemp+2, btemp+6, btemp+7, btemp+8, btemp+9, btemp+10, btemp+11, tblptrl, tblptrh, tblptru, prodl, prodh, cstack
 Tracked objects:
		On entry : 
		On exit  : 
		Unchanged: 
 Data sizes:     COMRAM   BANK0   BANK1   BANK2   BANK3   BANK4   BANK5
      Params:         0       7       0       0       0       0       0
      Locals:         0      22       0       0       0       0       0
      Temps:          0       6       0       0       0       0       0
      Totals:         0      35       0       0       0       0       0
Total ram usage:       35 bytes
 Hardware stack levels used:    1
 Hardware stack levels required when called:   13
 This function calls:
		___awdiv
[...]
      Totals:         0       0       0       0       0       0       0
Total ram usage:        0 bytes
 Hardware stack levels used:    1
 Hardware stack levels required when called:   12
 This function calls:
		_clearScreen
		_my_print
 This function is called by:
		_main
		_setUpPassword
		_mainScreen
		_option_passcode
		_option_PIR
		_option_TempSensor
		_My_ISR_High
		_My_ISR_Low_TempSensor
		_PIR_reset
		_temp_reset
 This function uses a reentrant model


 *************** function _my_print *****************
 Defined at:
		line 203 in file "FinalProject.c"
 Parameters:    Size  Location     Type
  message         2  [STACK] PTR unsigned char 
		 -> STR_126(9), STR_125(7), STR_124(9), STR_123(7), 
		 -> STR_122(9), STR_121(7), STR_120(57), STR_119(2), 
		 -> STR_118(2), STR_117(42), STR_116(63), STR_115(2), 
		 -> STR_114(2), STR_113(42), STR_112(63), STR_111(28), 
		 -> STR_110(23), STR_109(39), STR_108(44), STR_107(20), 
		 -> STR_106(7), STR_105(9), STR_104(40), STR_103(39), 
		 -> STR_102(7), STR_101(10), STR_100(29), STR_99(40), 
		 -> STR_98(10), STR_97(21), STR_96(54), STR_95(28), 
		 -> STR_94(44), STR_93(63), STR_92(24), STR_91(7), 
		 -> STR_90(31), STR_89(7), STR_88(36), STR_87(20), 
		 -> STR_86(9), STR_85(32), STR_84(7), STR_83(31), 
		 -> STR_82(10), STR_81(29), STR_80(32), STR_79(7), 
		 -> STR_78(9), STR_77(23), STR_76(40), STR_75(9), 
		 -> STR_74(7), STR_73(39), STR_72(10), STR_71(41), 
		 -> STR_70(63), STR_69(54), STR_68(53), STR_67(31), 
		 -> STR_66(65), STR_65(21), STR_64(32), STR_63(9), 
		 -> STR_62(7), STR_61(31), STR_60(10), STR_59(41), 
		 -> STR_58(46), STR_57(45), STR_56(31), STR_55(65), 
		 -> STR_54(20), STR_53(48), STR_52(36), STR_51(2), 
		 -> STR_50(2), STR_49(31), STR_48(2), STR_47(2), 
		 -> STR_46(26), STR_45(10), STR_44(41), STR_43(37), 
		 -> STR_42(31), STR_41(63), STR_40(23), STR_39(10), 
		 -> STR_38(26), STR_37(57), STR_36(51), STR_35(43), 
		 -> STR_34(35), STR_33(27), STR_32(31), STR_31(63), 
		 -> STR_30(65), STR_29(3), STR_28(36), STR_27(36), 
		 -> mainScreen@tempThresholdArray(2), STR_25(36), tempArray(6), STR_23(36), 
		 -> STR_22(36), STR_21(63), STR_20(31), STR_19(3), 
		 -> STR_18(63), STR_17(63), STR_16(63), STR_15(63), 
		 -> STR_14(63), STR_13(63), STR_12(5), STR_11(23), 
		 -> STR_10(2), STR_9(23), STR_8(24), STR_7(2), 
		 -> STR_6(27), STR_5(28), STR_4(58), STR_3(9), 
		 -> STR_2(9), STR_1(9), 
 Auto vars:     Size  Location     Type
		None
 Return value:  Size  Location     Type
                  1  [STACK] void 
 Registers used:
		wreg, fsr0l, fsr0h, fsr1l, fsr1h, status,2, status,0, btemp, tblptrl, tblptrh, tblptru
 Tracked objects:
		On entry : 
		On exit  : 
		Unchanged: 
 Data sizes:     COMRAM   BANK0   BANK1   BANK2   BANK3   BANK4   BANK5
      Params:         0       0       0       0       0       0       0
      Locals:         0       0       0       0       0       0       0
      Temps:          0       0       0       0       0       0       0
      Totals:         0       0       0       0       0       0       0
Total ram usage:        0 bytes
 Hardware stack levels used:    1
 Hardware stack levels required when called:   10
 This function calls:
		Nothing
 This function is called by:
		_setUpPassword
		_existingUserLogin
		_verifyPassword
		_clearScreen
		_initialScreen
		_mainScreen
		_option_passcode
		_option_PIR
		_option_TempSensor
		_My_ISR_High
		_My_ISR_Low_TempSensor
		_PIR_reset
		_temp_reset
		_updateThreshold
 This function uses a reentrant model


 *************** function _choiceKeypad *****************
 Defined at:
		line 1465 in file "FinalProject.c"
 Parameters:    Size  Location     Type
		None
 Auto vars:     Size  Location     Type
		None
 Return value:  Size  Location     Type
                  1  [STACK] void 
 Registers used:
		wreg, status,2
 Tracked objects:
		On entry : 
		On exit  : 
		Unchanged: 
 Data sizes:     COMRAM   BANK0   BANK1   BANK2   BANK3   BANK4   BANK5
      Params:         0       0       0       0       0       0       0
      Locals:         0       0       0       0       0       0       0
      Temps:          0       0       0       0       0       0       0
      Totals:         0       0       0       0       0       0       0
Total ram usage:        0 bytes
 Hardware stack levels used:    1
 Hardware stack levels required when called:   10
 This function calls:
		Nothing
 This function is called by:
		_mainScreen
		_option_passcode
		_option_PIR
		_option_TempSensor
		_My_ISR_High
		_My_ISR_Low_TempSensor
		_PIR_reset
		_temp_reset
		_updateThreshold
 This function uses a reentrant model


 *************** function _option_Keypad *****************
 Defined at:
		line 850 in file "FinalProject.c"
 Parameters:    Size  Location     Type
		None
 Auto vars:     Size  Location     Type
		None
 Return value:  Size  Location     Type
                  1    wreg      void 
 Registers used:
		wreg, fsr0l, fsr0h, fsr1l, fsr1h, status,2, status,0, btemp, tblptrl, tblptrh, tblptru
 Tracked objects:
		On entry : 
		On exit  : 
		Unchanged: 
 Data sizes:     COMRAM   BANK0   BANK1   BANK2   BANK3   BANK4   BANK5
      Params:         0       0       0       0       0       0       0
      Locals:         0       0       0       0       0       0       0
      Temps:          0       0       0       0       0       0       0
      Totals:         0       0       0       0       0       0       0
Total ram usage:        0 bytes
 Hardware stack levels used:    1
 Hardware stack levels required when called:   12
 This function calls:
		_clearScreen
		_write_EEPROM
 This function is called by:
		_mainScreen
 This function uses a non-reentrant model


 *************** function _option_Keyboard *****************
 Defined at:
		line 839 in file "FinalProject.c"
 Parameters:    Size  Location     Type
		None
 Auto vars:     Size  Location     Type
		None
 Return value:  Size  Location     Type
                  1    wreg      void 
 Registers used:
		wreg, fsr0l, fsr0h, fsr1l, fsr1h, status,2, status,0, btemp, tblptrl, tblptrh, tblptru
 Tracked objects:
		On entry : 
		On exit  : 
		Unchanged: 
 Data sizes:     COMRAM   BANK0   BANK1   BANK2   BANK3   BANK4   BANK5
      Params:         0       0       0       0       0       0       0
      Locals:         0       0       0       0       0       0       0
      Temps:          0       0       0       0       0       0       0
      Totals:         0       0       0       0       0       0       0
Total ram usage:        0 bytes
 Hardware stack levels used:    1
 Hardware stack levels required when called:   12
 This function calls:
		_clearScreen
		_write_EEPROM
 This function is called by:
		_mainScreen
 This function uses a non-reentrant model


 *************** function _write_EEPROM *****************
 Defined at:
		line 1442 in file "FinalProject.c"
 Parameters:    Size  Location     Type
  add             2  [STACK] int 
  c               1  [STACK] unsigned char 
 Auto vars:     Size  Location     Type
		None
 Return value:  Size  Location     Type
                  1  [STACK] void 
 Registers used:
		wreg, fsr1l, fsr1h, status,2
 Tracked objects:
		On entry : 
		On exit  : 
		Unchanged: 
 Data sizes:     COMRAM   BANK0   BANK1   BANK2   BANK3   BANK4   BANK5
      Params:         0       0       0       0       0       0       0
      Locals:         0       0       0       0       0       0       0
      Temps:          0       0       0       0       0       0       0
      Totals:         0       0       0       0       0       0       0
Total ram usage:        0 bytes
 Hardware stack levels used:    1
 Hardware stack levels required when called:   10
 This function calls:
		Nothing
 This function is called by:
		_setUpPassword
		_option_passcode
		_option_PIR
		_option_TempSensor
		_option_Keyboard
		_option_Keypad
		_My_ISR_High
		_My_ISR_Low_TempSensor
		_updateThreshold
 This function uses a reentrant model


 *************** function _clearScreen *****************
 Defined at:
		line 385 in file "FinalProject.c"
 Parameters:    Size  Location     Type
		None
 Auto vars:     Size  Location     Type
		None
 Return value:  Size  Location     Type
                  1  [STACK] void 
 Registers used:
		wreg, fsr0l, fsr0h, fsr1l, fsr1h, status,2, status,0, btemp, tblptrl, tblptrh, tblptru
 Tracked objects:
		On entry : 
		On exit  : 
		Unchanged: 
 Data sizes:     COMRAM   BANK0   BANK1   BANK2   BANK3   BANK4   BANK5
      Params:         0       0       0       0       0       0       0
      Locals:         0       0       0       0       0       0       0
      Temps:          0       0       0       0       0       0       0
      Totals:         0       0       0       0       0       0       0
Total ram usage:        0 bytes
 Hardware stack levels used:    1
 Hardware stack levels required when called:   11
 This function calls:
		_my_print
 This function is called by:
		_initialScreen
		_option_Keyboard
		_option_Keypad
 This function uses a reentrant model


 *************** function _My_ISR_Low_TempSensor *****************
 Defined at:
		line 1004 in file "FinalProject.c"
 Parameters:    Size  Location     Type
		None
 Auto vars:     Size  Location     Type
  check           2   51[COMRAM] int 
  third_correc    2   53[COMRAM] int 
  i               2   55[COMRAM] int 
  i               2    0        int 
  thirdCorrect    2   49[COMRAM] int 
 Return value:  Size  Location     Type
                  1    wreg      void 
 Registers used:
		wreg, fsr0l, fsr0h, fsr1l, fsr1h, fsr2l, fsr2h, status,2, status,0, btemp, btemp+1, btemp+2, btemp+6, btemp+7, btemp+8, btemp+9, btemp+10, btemp+11, tblptrl, tblptrh, tblptru, prodl, prodh, cstack
 Tracked objects:
		On entry : 
		On exit  : 
		Unchanged: 
 Data sizes:     COMRAM   BANK0   BANK1   BANK2   BANK3   BANK4   BANK5
      Params:         0       0       0       0       0       0       0
      Locals:         8       0       0       0       0       0       0
      Temps:         20       0       0       0       0       0       0
      Totals:        28       0       0       0       0       0       0
Total ram usage:       28 bytes
 Hardware stack levels used:    1
 Hardware stack levels required when called:    9
 This function calls:
		_FindCurrentTemp
		___ftge
		___lwtoft
		_atoi
		_choiceKeypad
		_halfSecDelay
		_initialScreen
		_initialize_tempSensor
		_my_print
		_read_EEPROM
		_reception
		_temp_reset
		_updateThreshold
		_write_EEPROM
 This function is called by:
		Interrupt level 1
 This function uses a non-reentrant model


 *************** function _temp_reset *****************
 Defined at:
		line 1232 in file "FinalProject.c"
 Parameters:    Size  Location     Type
		None
 Auto vars:     Size  Location     Type
  i               2   27[COMRAM] int 
  b_correctPas    2   25[COMRAM] int 
 Return value:  Size  Location     Type
                  2   22[COMRAM] int 
 Registers used:
		wreg, fsr0l, fsr0h, fsr1l, fsr1h, fsr2l, fsr2h, status,2, status,0, btemp, tblptrl, tblptrh, tblptru
 Tracked objects:
		On entry : 
		On exit  : 
		Unchanged: 
 Data sizes:     COMRAM   BANK0   BANK1   BANK2   BANK3   BANK4   BANK5
      Params:         2       0       0       0       0       0       0
      Locals:         4       0       0       0       0       0       0
      Temps:          1       0       0       0       0       0       0
      Totals:         7       0       0       0       0       0       0
Total ram usage:        7 bytes
 Hardware stack levels used:    1
 Hardware stack levels required when called:    8
 This function calls:
		_choiceKeypad
		_halfSecDelay
		_initialScreen
		_my_print
		_read_EEPROM
		_reception
 This function is called by:
		_My_ISR_Low_TempSensor
 This function uses a non-reentrant model


 *************** function _My_ISR_High *****************
 Defined at:
		line 875 in file "FinalProject.c"
 Parameters:    Size  Location     Type
		None
 Auto vars:     Size  Location     Type
  sec_correctP    2   20[COMRAM] int 
  check           2   18[COMRAM] int 
 Return value:  Size  Location     Type
                  1    wreg      void 
 Registers used:
		wreg, fsr0l, fsr0h, fsr1l, fsr1h, fsr2l, fsr2h, status,2, status,0, btemp, tblptrl, tblptrh, tblptru, cstack
 Tracked objects:
		On entry : 
		On exit  : 
		Unchanged: 
 Data sizes:     COMRAM   BANK0   BANK1   BANK2   BANK3   BANK4   BANK5
      Params:         0       0       0       0       0       0       0
      Locals:         4       0       0       0       0       0       0
      Temps:         11       0       0       0       0       0       0
      Totals:        15       0       0       0       0       0       0
Total ram usage:       15 bytes
 Hardware stack levels used:    1
 Hardware stack levels required when called:    4
 This function calls:
		_PIR_reset
		_choiceKeypad
		_halfSecDelay
		_initialScreen
		_initialize_PIR
		_initialize_tempSensor
		_my_print
		_read_EEPROM
		_reception
		_write_EEPROM
 This function is called by:
		Interrupt level 2
 This function uses a non-reentrant model


 *************** function _PIR_reset *****************
 Defined at:
		line 1180 in file "FinalProject.c"
 Parameters:    Size  Location     Type
		None
 Auto vars:     Size  Location     Type
  i               2    5[COMRAM] int 
  c_correctPas    2    3[COMRAM] int 
 Return value:  Size  Location     Type
                  2    0[COMRAM] int 
 Registers used:
		wreg, fsr0l, fsr0h, fsr1l, fsr1h, fsr2l, fsr2h, status,2, status,0, btemp, tblptrl, tblptrh, tblptru
 Tracked objects:
		On entry : 
		On exit  : 
		Unchanged: 
 Data sizes:     COMRAM   BANK0   BANK1   BANK2   BANK3   BANK4   BANK5
      Params:         2       0       0       0       0       0       0
      Locals:         4       0       0       0       0       0       0
      Temps:          1       0       0       0       0       0       0
      Totals:         7       0       0       0       0       0       0
Total ram usage:        7 bytes
 Hardware stack levels used:    1
 Hardware stack levels required when called:    3
 This function calls:
		_choiceKeypad
		_halfSecDelay
		_initialScreen
		_my_print
		_read_EEPROM
		_reception
 This function is called by:
		_My_ISR_High
 This function uses a non-reentrant model



MODULE INFORMATION

Module		Function		Class		Link	Load	Size
/Applications/microchip/xc8/v1.38/sources/common/ftmul.c
		___ftmul       		CODE           	2420	0000	539

/Applications/microchip/xc8/v1.38/sources/common/ftmul.c estimated size: 539

/Applications/microchip/xc8/v1.38/sources/common/ftdiv.c
		___ftdiv       		CODE           	263A	0000	449

/Applications/microchip/xc8/v1.38/sources/common/ftdiv.c estimated size: 449

/Applications/microchip/xc8/v1.38/sources/common/ftge.c
		___ftge        		CODE           	39BC	0000	173

/Applications/microchip/xc8/v1.38/sources/common/ftge.c estimated size: 173

/Applications/microchip/xc8/v1.38/sources/common/awdiv.c
		___awdiv       		CODE           	3842	0000	191

/Applications/microchip/xc8/v1.38/sources/common/awdiv.c estimated size: 191

/Applications/microchip/xc8/v1.38/sources/common/lldiv.c
		___lldiv       		CODE           	3900	0000	189

/Applications/microchip/xc8/v1.38/sources/common/lldiv.c estimated size: 189

/Applications/microchip/xc8/v1.38/sources/common/ftdivl.c
		__tdiv_to_l_   		CODE           	27FA	0000	415

/Applications/microchip/xc8/v1.38/sources/common/ftdivl.c estimated size: 415

/Applications/microchip/xc8/v1.38/sources/common/isdigit.c
		_isdigit       		CODE           	4092	0000	57

/Applications/microchip/xc8/v1.38/sources/common/isdigit.c estimated size: 57

/Applications/microchip/xc8/v1.38/sources/common/Umul16.c
		___wmul        		CODE           	3C46	0000	151

/Applications/microchip/xc8/v1.38/sources/common/Umul16.c estimated size: 151

/Applications/microchip/xc8/v1.38/sources/common/fttol.c
		___fttol       		CODE           	2E16	0000	325

/Applications/microchip/xc8/v1.38/sources/common/fttol.c estimated size: 325

/Applications/microchip/xc8/v1.38/sources/common/atoi.c
		_atoi          		CODE           	2F5A	0000	319

/Applications/microchip/xc8/v1.38/sources/common/atoi.c estimated size: 319

/Applications/microchip/xc8/v1.38/sources/common/ftadd.c
		___ftadd       		CODE           	16EC	0000	781

/Applications/microchip/xc8/v1.38/sources/common/ftadd.c estimated size: 781

FinalProject.c
		_checkStatus   		CODE           	3656	0000	279
		_initialize_serial		CODE           	41B8	0000	25
		_mainScreen    		CODE           	13B4	0000	825
		_option_Keypad 		CODE           	4156	0000	37
		_existingUserLogin		CODE           	3CDC	0000	143
		_FindCurrentTemp		CODE           	3424	0000	283
		_option_Refresh		CODE           	4232	0000	3
		_My_ISR_Low_TempSensor		CODE           	0018	0000	929
		_main          		CODE           	3FA6	0000	83
		_initialize_tempSensor		CODE           	4228	0000	7
		_option_TempSensor		CODE           	2B20	0000	381
		_updateThreshold		CODE           	21C4	0000	605
		_setUpPassword 		CODE           	376C	0000	215
		_clearScreen   		CODE           	420E	0000	15
		_option_passcode		CODE           	19F8	0000	765
		_option_Keyboard		CODE           	417A	0000	37
		_choiceKeypad  		CODE           	3B0A	0000	163
		_PIR_reset     		CODE           	32F8	0000	301
		_My_ISR_High   		CODE           	0008	0000	629
		_changePassword		CODE           	3D6A	0000	135
		_read_EEPROM   		CODE           	41D0	0000	23
		_reception     		CODE           	41E6	0000	23
		_write_EEPROM  		CODE           	412E	0000	41
		_temp_reset    		CODE           	31CC	0000	301
		_halfSecDelay  		CODE           	3F4C	0000	91
		_initialScreen 		CODE           	3FF8	0000	79
		_verifyPassword		CODE           	3098	0000	309
		_initialize_timer		CODE           	419E	0000	27
		_my_print      		CODE           	3DF0	0000	127
		_option_PIR    		CODE           	2C9C	0000	379
		_initialize_PIR		CODE           	41FC	0000	19

FinalProject.c estimated size: 7279

/Applications/microchip/xc8/v1.38/sources/common/fldivl.c
		__div_to_l_    		CODE           	2998	0000	393

/Applications/microchip/xc8/v1.38/sources/common/fldivl.c estimated size: 393

shared
		__powers_      		MEDIUMCONST    	75A4	0000	40
		_dpowers       		MEDIUMCONST    	7555	0000	41
		__npowers_     		MEDIUMCONST    	757D	0000	40
		__initialization		CODE           	3EEA	0000	89

shared estimated size: 210

/Applications/microchip/xc8/v1.38/sources/common/ftneg.c
		___ftneg       		CODE           	40FE	0000	49

/Applications/microchip/xc8/v1.38/sources/common/ftneg.c estimated size: 49

/Applications/microchip/xc8/v1.38/sources/common/ftsub.c
		___ftsub       		CODE           	4046	0000	77

/Applications/microchip/xc8/v1.38/sources/common/ftsub.c estimated size: 77

/Applications/microchip/xc8/v1.38/sources/common/float.c
		___ftpack      		CODE           	353E	0000	281

/Applications/microchip/xc8/v1.38/sources/common/float.c estimated size: 281

/Applications/microchip/xc8/v1.38/sources/common/awmod.c
		___awmod       		CODE           	3A68	0000	163

/Applications/microchip/xc8/v1.38/sources/common/awmod.c estimated size: 163

/Applications/microchip/xc8/v1.38/sources/common/llmod.c
		___llmod       		CODE           	3BAC	0000	155

/Applications/microchip/xc8/v1.38/sources/common/llmod.c estimated size: 155

/Applications/microchip/xc8/v1.38/sources/common/doprnt.c
		_scale         		CODE           	0F32	0000	1155
		_sprintf       		CODE           	03C0	0000	2931
		_fround        		CODE           	1CF4	0000	621

/Applications/microchip/xc8/v1.38/sources/common/doprnt.c estimated size: 4707

/Applications/microchip/xc8/v1.38/sources/common/lwtoft.c
		___lwtoft      		CODE           	40CA	0000	53

/Applications/microchip/xc8/v1.38/sources/common/lwtoft.c estimated size: 53

/Applications/microchip/xc8/v1.38/sources/common/lltoft.c
		___lltoft      		CODE           	3E6E	0000	125

/Applications/microchip/xc8/v1.38/sources/common/lltoft.c estimated size: 125

